// Jest Snapshot v1, https://goo.gl/fbAQLP

exports[`Ingredients component renders UI correctly 1`] = `
<div
  className="ingredients"
>
  <select
    className="newIngredient"
    onChange={[Function]}
  />
  <button
    className="addNewIngredient"
    onClick={[Function]}
  >
    +
  </button>
  <h3>
    To add:
  </h3>
  <ul
    className="ingredientsToAdd"
  >
    Nothing added...
  </ul>
  <a
    className="submitIngredients"
    href="/recipes"
    onClick={[Function]}
  >
    Submit
  </a>
</div>
`;
