// Jest Snapshot v1, https://goo.gl/fbAQLP

exports[`Landing component renders UI correctly 1`] = `
<div
  className="Landing"
>
  <a
    className="Button"
    href="/login"
    onClick={[Function]}
  >
    Log in
  </a>
  <a
    className="Button"
    href="/register"
    onClick={[Function]}
  >
    Register
  </a>
  <a
    className="Button"
    href="/inputselect"
    onClick={[Function]}
  >
    Guest
  </a>
</div>
`;
