// Jest Snapshot v1, https://goo.gl/fbAQLP

exports[`App component renders UI correctly 1`] = `
Array [
  <header>
    <h1>
      Recipe Me
    </h1>
  </header>,
  <div
    className="Landing"
  >
    <a
      className="Button"
      href="/login"
      onClick={[Function]}
    >
      login
    </a>
    <a
      className="Button"
      href="/register"
      onClick={[Function]}
    >
      register
    </a>
    <a
      className="Button"
      href="/guest"
      onClick={[Function]}
    >
      guest
    </a>
  </div>,
]
`;
