// Jest Snapshot v1, https://goo.gl/fbAQLP

exports[`App component renders UI correctly 1`] = `
<div
  className="App"
>
  <header
    className="Header"
  >
    <img
      alt="Pantry Buddy logo"
      className="logo"
      src="logo.png"
    />
    <i
      className="fas fa-key login_icon"
      onClick={[Function]}
    />
  </header>
  <div
    className="Landing"
  >
    <h1
      className="description"
    >
               Ever wonder what you could throw together with all the odds and ends in your pantry?
    </h1>
    <a
      className="landingButton"
      href="/inputselect"
      onClick={[Function]}
    >
      Take a tour!
    </a>
    <a
      className="landingButton"
      href="/register"
      onClick={[Function]}
    >
      Register
    </a>
  </div>
</div>
`;
