// Jest Snapshot v1, https://goo.gl/fbAQLP

exports[`Register component renders UI correctly 1`] = `
Array [
  <form
    className="Register"
    onSubmit={[Function]}
  >
    <label
      htmlFor="Register_username"
    >
      Username: 
    </label>
    <input
      className="Register_username"
      onChange={[Function]}
      type="text"
      value=""
    />
    <br />
    <label
      htmlFor="Register_password"
    >
      Password: 
    </label>
    <input
      className="Register_password"
      onChange={[Function]}
      type="password"
      value=""
    />
    <br />
    <label
      htmlFor="Register_confirmPassword"
    >
      Confirm Password: 
    </label>
    <input
      className="Register_confirmPassword"
      onChange={[Function]}
      type="password"
      value=""
    />
    <button
      type="submit"
    >
      Register
    </button>
  </form>,
  <button
    className="Register_back"
    onClick={[Function]}
  >
    back
  </button>,
]
`;
