// Jest Snapshot v1, https://goo.gl/fbAQLP

exports[`Pantry component renders UI correctly 1`] = `
<div
  className="Pantry"
>
  <h1
    className="Pantry_title"
  >
     Let's fill that Pantry, Guest!
  </h1>
  <section
    className="Pantry_icons"
  >
    <i
      className="fas fa-drumstick-bite"
      id="meat"
      onClick={[Function]}
    />
    <i
      className="fas fa-carrot"
      id="vegetable"
      onClick={[Function]}
    />
    <i
      className="fas fa-cheese"
      id="dairy"
      onClick={[Function]}
    />
    <i
      className="fas fa-bread-slice"
      id="grain"
      onClick={[Function]}
    />
    <i
      className="fas fa-apple-alt"
      id="fruit"
      onClick={[Function]}
    />
    <i
      className="fas fa-mortar-pestle"
      id="condiment"
      onClick={[Function]}
    />
  </section>
  <button
    className="guest_recipes"
    onClick={[Function]}
  >
    Recipes
  </button>
</div>
`;
