// Jest Snapshot v1, https://goo.gl/fbAQLP

exports[`Login component renders UI correctly 1`] = `
<form
  className="Login"
  onSubmit={[Function]}
>
  <label
    htmlFor="Login_username"
  >
    Username: 
  </label>
  <input
    className="Login_username"
    onChange={[Function]}
    type="text"
    value=""
  />
  <br />
  <label
    htmlFor="Login_password"
  >
    Password: 
  </label>
  <input
    className="Login_password"
    onChange={[Function]}
    type="password"
    value=""
  />
  <button
    type="submit"
  >
    Login
  </button>
</form>
`;
